// Jest Snapshot v1, https://goo.gl/fbAQLP

exports[`Trending Comedians Container should render correctly 1`] = `
Object {
  "asFragment": [Function],
  "baseElement": <body>
    <div>
      <div
        class="sc-AxirZ gIGCmY"
      >
        <span
          class="sc-AxiKw keaLxW"
        >
          <span
            class="sc-AxjAm bIGtDT"
            type="trendingTab"
          />
          <span
            class="sc-AxhCb cjFiwn"
          >
            Benedict Cumberbatch
          </span>
        </span>
        <span
          class="sc-AxhUy kRznDN"
        >
          <span
            class="sc-AxgMl fJjZsf"
          >
            <svg
              class="sc-AxheI tpHSH"
              viewBox="0 0 511.999 511.999"
              x="0px"
              y="0px"
            >
              <path
                d="M508.745,246.041c-4.574-6.257-113.557-153.206-252.748-153.206S7.818,239.784,3.249,246.035
 c-4.332,5.936-4.332,13.987,0,19.923c4.569,6.257,113.557,153.206,252.748,153.206s248.174-146.95,252.748-153.201
 C513.083,260.028,513.083,251.971,508.745,246.041z M255.997,385.406c-102.529,0-191.33-97.533-217.617-129.418
 c26.253-31.913,114.868-129.395,217.617-129.395c102.524,0,191.319,97.516,217.617,129.418
 C447.361,287.923,358.746,385.406,255.997,385.406z"
              />
              <path
                d="M255.997,154.725c-55.842,0-101.275,45.433-101.275,101.275s45.433,101.275,101.275,101.275
 s101.275-45.433,101.275-101.275S311.839,154.725,255.997,154.725z M255.997,323.516c-37.23,0-67.516-30.287-67.516-67.516
 s30.287-67.516,67.516-67.516s67.516,30.287,67.516,67.516S293.227,323.516,255.997,323.516z"
              />
            </svg>
            <span
              class="sc-Axmtr cSsCOG"
            >
              123
            </span>
          </span>
        </span>
      </div>
      <div
        class="sc-AxirZ gIGCmY"
      >
        <span
          class="sc-AxiKw keaLxW"
        >
          <span
            class="sc-AxjAm bIGtDT"
            type="trendingTab"
          />
          <span
            class="sc-AxhCb cjFiwn"
          >
            Benedict Cumberbatch
          </span>
        </span>
        <span
          class="sc-AxhUy kRznDN"
        >
          <span
            class="sc-AxgMl fJjZsf"
          >
            <svg
              class="sc-AxheI tpHSH"
              viewBox="0 0 511.999 511.999"
              x="0px"
              y="0px"
            >
              <path
                d="M508.745,246.041c-4.574-6.257-113.557-153.206-252.748-153.206S7.818,239.784,3.249,246.035
 c-4.332,5.936-4.332,13.987,0,19.923c4.569,6.257,113.557,153.206,252.748,153.206s248.174-146.95,252.748-153.201
 C513.083,260.028,513.083,251.971,508.745,246.041z M255.997,385.406c-102.529,0-191.33-97.533-217.617-129.418
 c26.253-31.913,114.868-129.395,217.617-129.395c102.524,0,191.319,97.516,217.617,129.418
 C447.361,287.923,358.746,385.406,255.997,385.406z"
              />
              <path
                d="M255.997,154.725c-55.842,0-101.275,45.433-101.275,101.275s45.433,101.275,101.275,101.275
 s101.275-45.433,101.275-101.275S311.839,154.725,255.997,154.725z M255.997,323.516c-37.23,0-67.516-30.287-67.516-67.516
 s30.287-67.516,67.516-67.516s67.516,30.287,67.516,67.516S293.227,323.516,255.997,323.516z"
              />
            </svg>
            <span
              class="sc-Axmtr cSsCOG"
            >
              123
            </span>
          </span>
        </span>
      </div>
      <div
        class="sc-AxirZ gIGCmY"
      >
        <span
          class="sc-AxiKw keaLxW"
        >
          <span
            class="sc-AxjAm bIGtDT"
            type="trendingTab"
          />
          <span
            class="sc-AxhCb cjFiwn"
          >
            Benedict Cumberbatch
          </span>
        </span>
        <span
          class="sc-AxhUy kRznDN"
        >
          <span
            class="sc-AxgMl fJjZsf"
          >
            <svg
              class="sc-AxheI tpHSH"
              viewBox="0 0 511.999 511.999"
              x="0px"
              y="0px"
            >
              <path
                d="M508.745,246.041c-4.574-6.257-113.557-153.206-252.748-153.206S7.818,239.784,3.249,246.035
 c-4.332,5.936-4.332,13.987,0,19.923c4.569,6.257,113.557,153.206,252.748,153.206s248.174-146.95,252.748-153.201
 C513.083,260.028,513.083,251.971,508.745,246.041z M255.997,385.406c-102.529,0-191.33-97.533-217.617-129.418
 c26.253-31.913,114.868-129.395,217.617-129.395c102.524,0,191.319,97.516,217.617,129.418
 C447.361,287.923,358.746,385.406,255.997,385.406z"
              />
              <path
                d="M255.997,154.725c-55.842,0-101.275,45.433-101.275,101.275s45.433,101.275,101.275,101.275
 s101.275-45.433,101.275-101.275S311.839,154.725,255.997,154.725z M255.997,323.516c-37.23,0-67.516-30.287-67.516-67.516
 s30.287-67.516,67.516-67.516s67.516,30.287,67.516,67.516S293.227,323.516,255.997,323.516z"
              />
            </svg>
            <span
              class="sc-Axmtr cSsCOG"
            >
              123
            </span>
          </span>
        </span>
      </div>
      <div
        class="sc-AxirZ gIGCmY"
      >
        <span
          class="sc-AxiKw keaLxW"
        >
          <span
            class="sc-AxjAm bIGtDT"
            type="trendingTab"
          />
          <span
            class="sc-AxhCb cjFiwn"
          >
            Benedict Cumberbatch
          </span>
        </span>
        <span
          class="sc-AxhUy kRznDN"
        >
          <span
            class="sc-AxgMl fJjZsf"
          >
            <svg
              class="sc-AxheI tpHSH"
              viewBox="0 0 511.999 511.999"
              x="0px"
              y="0px"
            >
              <path
                d="M508.745,246.041c-4.574-6.257-113.557-153.206-252.748-153.206S7.818,239.784,3.249,246.035
 c-4.332,5.936-4.332,13.987,0,19.923c4.569,6.257,113.557,153.206,252.748,153.206s248.174-146.95,252.748-153.201
 C513.083,260.028,513.083,251.971,508.745,246.041z M255.997,385.406c-102.529,0-191.33-97.533-217.617-129.418
 c26.253-31.913,114.868-129.395,217.617-129.395c102.524,0,191.319,97.516,217.617,129.418
 C447.361,287.923,358.746,385.406,255.997,385.406z"
              />
              <path
                d="M255.997,154.725c-55.842,0-101.275,45.433-101.275,101.275s45.433,101.275,101.275,101.275
 s101.275-45.433,101.275-101.275S311.839,154.725,255.997,154.725z M255.997,323.516c-37.23,0-67.516-30.287-67.516-67.516
 s30.287-67.516,67.516-67.516s67.516,30.287,67.516,67.516S293.227,323.516,255.997,323.516z"
              />
            </svg>
            <span
              class="sc-Axmtr cSsCOG"
            >
              123
            </span>
          </span>
        </span>
      </div>
      <div
        class="sc-AxirZ gIGCmY"
      >
        <span
          class="sc-AxiKw keaLxW"
        >
          <span
            class="sc-AxjAm bIGtDT"
            type="trendingTab"
          />
          <span
            class="sc-AxhCb cjFiwn"
          >
            Benedict Cumberbatch
          </span>
        </span>
        <span
          class="sc-AxhUy kRznDN"
        >
          <span
            class="sc-AxgMl fJjZsf"
          >
            <svg
              class="sc-AxheI tpHSH"
              viewBox="0 0 511.999 511.999"
              x="0px"
              y="0px"
            >
              <path
                d="M508.745,246.041c-4.574-6.257-113.557-153.206-252.748-153.206S7.818,239.784,3.249,246.035
 c-4.332,5.936-4.332,13.987,0,19.923c4.569,6.257,113.557,153.206,252.748,153.206s248.174-146.95,252.748-153.201
 C513.083,260.028,513.083,251.971,508.745,246.041z M255.997,385.406c-102.529,0-191.33-97.533-217.617-129.418
 c26.253-31.913,114.868-129.395,217.617-129.395c102.524,0,191.319,97.516,217.617,129.418
 C447.361,287.923,358.746,385.406,255.997,385.406z"
              />
              <path
                d="M255.997,154.725c-55.842,0-101.275,45.433-101.275,101.275s45.433,101.275,101.275,101.275
 s101.275-45.433,101.275-101.275S311.839,154.725,255.997,154.725z M255.997,323.516c-37.23,0-67.516-30.287-67.516-67.516
 s30.287-67.516,67.516-67.516s67.516,30.287,67.516,67.516S293.227,323.516,255.997,323.516z"
              />
            </svg>
            <span
              class="sc-Axmtr cSsCOG"
            >
              123
            </span>
          </span>
        </span>
      </div>
    </div>
  </body>,
  "container": <div>
    <div
      class="sc-AxirZ gIGCmY"
    >
      <span
        class="sc-AxiKw keaLxW"
      >
        <span
          class="sc-AxjAm bIGtDT"
          type="trendingTab"
        />
        <span
          class="sc-AxhCb cjFiwn"
        >
          Benedict Cumberbatch
        </span>
      </span>
      <span
        class="sc-AxhUy kRznDN"
      >
        <span
          class="sc-AxgMl fJjZsf"
        >
          <svg
            class="sc-AxheI tpHSH"
            viewBox="0 0 511.999 511.999"
            x="0px"
            y="0px"
          >
            <path
              d="M508.745,246.041c-4.574-6.257-113.557-153.206-252.748-153.206S7.818,239.784,3.249,246.035
 c-4.332,5.936-4.332,13.987,0,19.923c4.569,6.257,113.557,153.206,252.748,153.206s248.174-146.95,252.748-153.201
 C513.083,260.028,513.083,251.971,508.745,246.041z M255.997,385.406c-102.529,0-191.33-97.533-217.617-129.418
 c26.253-31.913,114.868-129.395,217.617-129.395c102.524,0,191.319,97.516,217.617,129.418
 C447.361,287.923,358.746,385.406,255.997,385.406z"
            />
            <path
              d="M255.997,154.725c-55.842,0-101.275,45.433-101.275,101.275s45.433,101.275,101.275,101.275
 s101.275-45.433,101.275-101.275S311.839,154.725,255.997,154.725z M255.997,323.516c-37.23,0-67.516-30.287-67.516-67.516
 s30.287-67.516,67.516-67.516s67.516,30.287,67.516,67.516S293.227,323.516,255.997,323.516z"
            />
          </svg>
          <span
            class="sc-Axmtr cSsCOG"
          >
            123
          </span>
        </span>
      </span>
    </div>
    <div
      class="sc-AxirZ gIGCmY"
    >
      <span
        class="sc-AxiKw keaLxW"
      >
        <span
          class="sc-AxjAm bIGtDT"
          type="trendingTab"
        />
        <span
          class="sc-AxhCb cjFiwn"
        >
          Benedict Cumberbatch
        </span>
      </span>
      <span
        class="sc-AxhUy kRznDN"
      >
        <span
          class="sc-AxgMl fJjZsf"
        >
          <svg
            class="sc-AxheI tpHSH"
            viewBox="0 0 511.999 511.999"
            x="0px"
            y="0px"
          >
            <path
              d="M508.745,246.041c-4.574-6.257-113.557-153.206-252.748-153.206S7.818,239.784,3.249,246.035
 c-4.332,5.936-4.332,13.987,0,19.923c4.569,6.257,113.557,153.206,252.748,153.206s248.174-146.95,252.748-153.201
 C513.083,260.028,513.083,251.971,508.745,246.041z M255.997,385.406c-102.529,0-191.33-97.533-217.617-129.418
 c26.253-31.913,114.868-129.395,217.617-129.395c102.524,0,191.319,97.516,217.617,129.418
 C447.361,287.923,358.746,385.406,255.997,385.406z"
            />
            <path
              d="M255.997,154.725c-55.842,0-101.275,45.433-101.275,101.275s45.433,101.275,101.275,101.275
 s101.275-45.433,101.275-101.275S311.839,154.725,255.997,154.725z M255.997,323.516c-37.23,0-67.516-30.287-67.516-67.516
 s30.287-67.516,67.516-67.516s67.516,30.287,67.516,67.516S293.227,323.516,255.997,323.516z"
            />
          </svg>
          <span
            class="sc-Axmtr cSsCOG"
          >
            123
          </span>
        </span>
      </span>
    </div>
    <div
      class="sc-AxirZ gIGCmY"
    >
      <span
        class="sc-AxiKw keaLxW"
      >
        <span
          class="sc-AxjAm bIGtDT"
          type="trendingTab"
        />
        <span
          class="sc-AxhCb cjFiwn"
        >
          Benedict Cumberbatch
        </span>
      </span>
      <span
        class="sc-AxhUy kRznDN"
      >
        <span
          class="sc-AxgMl fJjZsf"
        >
          <svg
            class="sc-AxheI tpHSH"
            viewBox="0 0 511.999 511.999"
            x="0px"
            y="0px"
          >
            <path
              d="M508.745,246.041c-4.574-6.257-113.557-153.206-252.748-153.206S7.818,239.784,3.249,246.035
 c-4.332,5.936-4.332,13.987,0,19.923c4.569,6.257,113.557,153.206,252.748,153.206s248.174-146.95,252.748-153.201
 C513.083,260.028,513.083,251.971,508.745,246.041z M255.997,385.406c-102.529,0-191.33-97.533-217.617-129.418
 c26.253-31.913,114.868-129.395,217.617-129.395c102.524,0,191.319,97.516,217.617,129.418
 C447.361,287.923,358.746,385.406,255.997,385.406z"
            />
            <path
              d="M255.997,154.725c-55.842,0-101.275,45.433-101.275,101.275s45.433,101.275,101.275,101.275
 s101.275-45.433,101.275-101.275S311.839,154.725,255.997,154.725z M255.997,323.516c-37.23,0-67.516-30.287-67.516-67.516
 s30.287-67.516,67.516-67.516s67.516,30.287,67.516,67.516S293.227,323.516,255.997,323.516z"
            />
          </svg>
          <span
            class="sc-Axmtr cSsCOG"
          >
            123
          </span>
        </span>
      </span>
    </div>
    <div
      class="sc-AxirZ gIGCmY"
    >
      <span
        class="sc-AxiKw keaLxW"
      >
        <span
          class="sc-AxjAm bIGtDT"
          type="trendingTab"
        />
        <span
          class="sc-AxhCb cjFiwn"
        >
          Benedict Cumberbatch
        </span>
      </span>
      <span
        class="sc-AxhUy kRznDN"
      >
        <span
          class="sc-AxgMl fJjZsf"
        >
          <svg
            class="sc-AxheI tpHSH"
            viewBox="0 0 511.999 511.999"
            x="0px"
            y="0px"
          >
            <path
              d="M508.745,246.041c-4.574-6.257-113.557-153.206-252.748-153.206S7.818,239.784,3.249,246.035
 c-4.332,5.936-4.332,13.987,0,19.923c4.569,6.257,113.557,153.206,252.748,153.206s248.174-146.95,252.748-153.201
 C513.083,260.028,513.083,251.971,508.745,246.041z M255.997,385.406c-102.529,0-191.33-97.533-217.617-129.418
 c26.253-31.913,114.868-129.395,217.617-129.395c102.524,0,191.319,97.516,217.617,129.418
 C447.361,287.923,358.746,385.406,255.997,385.406z"
            />
            <path
              d="M255.997,154.725c-55.842,0-101.275,45.433-101.275,101.275s45.433,101.275,101.275,101.275
 s101.275-45.433,101.275-101.275S311.839,154.725,255.997,154.725z M255.997,323.516c-37.23,0-67.516-30.287-67.516-67.516
 s30.287-67.516,67.516-67.516s67.516,30.287,67.516,67.516S293.227,323.516,255.997,323.516z"
            />
          </svg>
          <span
            class="sc-Axmtr cSsCOG"
          >
            123
          </span>
        </span>
      </span>
    </div>
    <div
      class="sc-AxirZ gIGCmY"
    >
      <span
        class="sc-AxiKw keaLxW"
      >
        <span
          class="sc-AxjAm bIGtDT"
          type="trendingTab"
        />
        <span
          class="sc-AxhCb cjFiwn"
        >
          Benedict Cumberbatch
        </span>
      </span>
      <span
        class="sc-AxhUy kRznDN"
      >
        <span
          class="sc-AxgMl fJjZsf"
        >
          <svg
            class="sc-AxheI tpHSH"
            viewBox="0 0 511.999 511.999"
            x="0px"
            y="0px"
          >
            <path
              d="M508.745,246.041c-4.574-6.257-113.557-153.206-252.748-153.206S7.818,239.784,3.249,246.035
 c-4.332,5.936-4.332,13.987,0,19.923c4.569,6.257,113.557,153.206,252.748,153.206s248.174-146.95,252.748-153.201
 C513.083,260.028,513.083,251.971,508.745,246.041z M255.997,385.406c-102.529,0-191.33-97.533-217.617-129.418
 c26.253-31.913,114.868-129.395,217.617-129.395c102.524,0,191.319,97.516,217.617,129.418
 C447.361,287.923,358.746,385.406,255.997,385.406z"
            />
            <path
              d="M255.997,154.725c-55.842,0-101.275,45.433-101.275,101.275s45.433,101.275,101.275,101.275
 s101.275-45.433,101.275-101.275S311.839,154.725,255.997,154.725z M255.997,323.516c-37.23,0-67.516-30.287-67.516-67.516
 s30.287-67.516,67.516-67.516s67.516,30.287,67.516,67.516S293.227,323.516,255.997,323.516z"
            />
          </svg>
          <span
            class="sc-Axmtr cSsCOG"
          >
            123
          </span>
        </span>
      </span>
    </div>
  </div>,
  "debug": [Function],
  "findAllByAltText": [Function],
  "findAllByDisplayValue": [Function],
  "findAllByLabelText": [Function],
  "findAllByPlaceholderText": [Function],
  "findAllByRole": [Function],
  "findAllByTestId": [Function],
  "findAllByText": [Function],
  "findAllByTitle": [Function],
  "findByAltText": [Function],
  "findByDisplayValue": [Function],
  "findByLabelText": [Function],
  "findByPlaceholderText": [Function],
  "findByRole": [Function],
  "findByTestId": [Function],
  "findByText": [Function],
  "findByTitle": [Function],
  "getAllByAltText": [Function],
  "getAllByDisplayValue": [Function],
  "getAllByLabelText": [Function],
  "getAllByPlaceholderText": [Function],
  "getAllByRole": [Function],
  "getAllByTestId": [Function],
  "getAllByText": [Function],
  "getAllByTitle": [Function],
  "getByAltText": [Function],
  "getByDisplayValue": [Function],
  "getByLabelText": [Function],
  "getByPlaceholderText": [Function],
  "getByRole": [Function],
  "getByTestId": [Function],
  "getByText": [Function],
  "getByTitle": [Function],
  "queryAllByAltText": [Function],
  "queryAllByDisplayValue": [Function],
  "queryAllByLabelText": [Function],
  "queryAllByPlaceholderText": [Function],
  "queryAllByRole": [Function],
  "queryAllByTestId": [Function],
  "queryAllByText": [Function],
  "queryAllByTitle": [Function],
  "queryByAltText": [Function],
  "queryByDisplayValue": [Function],
  "queryByLabelText": [Function],
  "queryByPlaceholderText": [Function],
  "queryByRole": [Function],
  "queryByTestId": [Function],
  "queryByText": [Function],
  "queryByTitle": [Function],
  "rerender": [Function],
  "unmount": [Function],
}
`;
