// Jest Snapshot v1, https://goo.gl/fbAQLP

exports[`Sign Up Form should render correctly 1`] = `
Object {
  "asFragment": [Function],
  "baseElement": <body>
    <div>
      <form
        class="sc-Axmtr gyRQxU"
      >
        <div
          class="sc-AxhUy kRznDN"
        >
          <label
            class="sc-AxhCb iIHvLx"
          >
            Username
          </label>
          <input
            class="sc-AxiKw gzpttR"
            placeholder="Username"
            required=""
          />
          <span
            class="sc-AxjAm cjbuaO"
          />
          <p
            class="sc-AxirZ jlGEmD"
          >
            Error Message
          </p>
        </div>
        <div
          class="sc-AxhUy kRznDN"
        >
          <label
            class="sc-AxhCb iIHvLx"
          >
            Password
          </label>
          <input
            class="sc-AxiKw gzpttR"
            min="8"
            placeholder="Password"
            required=""
          />
          <span
            class="sc-AxjAm cjbuaO"
          />
          <p
            class="sc-AxirZ jlGEmD"
          >
            Error Message
          </p>
        </div>
        <span
          class="sc-AxmLO hspwMb"
        >
          <button
            class="sc-AxheI fEiGtH"
            type="form"
          >
            <a
              class="sc-AxgMl bsNeod"
              href=""
            >
              Sign Up
            </a>
          </button>
        </span>
      </form>
    </div>
    <div>
      <form
        class="sc-Axmtr gyRQxU"
      >
        <div
          class="sc-AxhUy kRznDN"
        >
          <label
            class="sc-AxhCb iIHvLx"
          >
            Username
          </label>
          <input
            class="sc-AxiKw gzpttR"
            placeholder="Username"
            required=""
          />
          <span
            class="sc-AxjAm cjbuaO"
          />
          <p
            class="sc-AxirZ jlGEmD"
          >
            Error Message
          </p>
        </div>
        <div
          class="sc-AxhUy kRznDN"
        >
          <label
            class="sc-AxhCb iIHvLx"
          >
            Password
          </label>
          <input
            class="sc-AxiKw gzpttR"
            min="8"
            placeholder="Password"
            required=""
          />
          <span
            class="sc-AxjAm cjbuaO"
          />
          <p
            class="sc-AxirZ jlGEmD"
          >
            Error Message
          </p>
        </div>
        <span
          class="sc-AxmLO hspwMb"
        >
          <button
            class="sc-AxheI fEiGtH"
            type="form"
          >
            <a
              class="sc-AxgMl bsNeod"
              href=""
            >
              Sign Up
            </a>
          </button>
        </span>
      </form>
    </div>
  </body>,
  "container": <div>
    <form
      class="sc-Axmtr gyRQxU"
    >
      <div
        class="sc-AxhUy kRznDN"
      >
        <label
          class="sc-AxhCb iIHvLx"
        >
          Username
        </label>
        <input
          class="sc-AxiKw gzpttR"
          placeholder="Username"
          required=""
        />
        <span
          class="sc-AxjAm cjbuaO"
        />
        <p
          class="sc-AxirZ jlGEmD"
        >
          Error Message
        </p>
      </div>
      <div
        class="sc-AxhUy kRznDN"
      >
        <label
          class="sc-AxhCb iIHvLx"
        >
          Password
        </label>
        <input
          class="sc-AxiKw gzpttR"
          min="8"
          placeholder="Password"
          required=""
        />
        <span
          class="sc-AxjAm cjbuaO"
        />
        <p
          class="sc-AxirZ jlGEmD"
        >
          Error Message
        </p>
      </div>
      <span
        class="sc-AxmLO hspwMb"
      >
        <button
          class="sc-AxheI fEiGtH"
          type="form"
        >
          <a
            class="sc-AxgMl bsNeod"
            href=""
          >
            Sign Up
          </a>
        </button>
      </span>
    </form>
  </div>,
  "debug": [Function],
  "findAllByAltText": [Function],
  "findAllByDisplayValue": [Function],
  "findAllByLabelText": [Function],
  "findAllByPlaceholderText": [Function],
  "findAllByRole": [Function],
  "findAllByTestId": [Function],
  "findAllByText": [Function],
  "findAllByTitle": [Function],
  "findByAltText": [Function],
  "findByDisplayValue": [Function],
  "findByLabelText": [Function],
  "findByPlaceholderText": [Function],
  "findByRole": [Function],
  "findByTestId": [Function],
  "findByText": [Function],
  "findByTitle": [Function],
  "getAllByAltText": [Function],
  "getAllByDisplayValue": [Function],
  "getAllByLabelText": [Function],
  "getAllByPlaceholderText": [Function],
  "getAllByRole": [Function],
  "getAllByTestId": [Function],
  "getAllByText": [Function],
  "getAllByTitle": [Function],
  "getByAltText": [Function],
  "getByDisplayValue": [Function],
  "getByLabelText": [Function],
  "getByPlaceholderText": [Function],
  "getByRole": [Function],
  "getByTestId": [Function],
  "getByText": [Function],
  "getByTitle": [Function],
  "queryAllByAltText": [Function],
  "queryAllByDisplayValue": [Function],
  "queryAllByLabelText": [Function],
  "queryAllByPlaceholderText": [Function],
  "queryAllByRole": [Function],
  "queryAllByTestId": [Function],
  "queryAllByText": [Function],
  "queryAllByTitle": [Function],
  "queryByAltText": [Function],
  "queryByDisplayValue": [Function],
  "queryByLabelText": [Function],
  "queryByPlaceholderText": [Function],
  "queryByRole": [Function],
  "queryByTestId": [Function],
  "queryByText": [Function],
  "queryByTitle": [Function],
  "rerender": [Function],
  "unmount": [Function],
}
`;
