// Jest Snapshot v1, https://goo.gl/fbAQLP

exports[`Recommended Comedians Container should render correctly 1`] = `
Object {
  "asFragment": [Function],
  "baseElement": <body>
    <div>
      <div
        class="sc-AxheI ieTQbu"
      >
        <a
          class="sc-AxgMl fQrWMw"
          href="/comedians?name=undefined"
        >
          <div
            class="sc-AxhCb bPffyD"
          >
            <span
              class="sc-AxjAm bIFvHb"
              type="comedianWindow"
            />
            <h3
              class="sc-AxhUy bEaupT"
            >
              Comedian
            </h3>
            <div>
              <a
                class="sc-AxirZ iONWjK"
                href=""
              >
                <button
                  class="sc-AxiKw dMhYsm"
                >
                  Crude
                </button>
              </a>
              <a
                class="sc-AxirZ iONWjK"
                href=""
              >
                <button
                  class="sc-AxiKw dMhYsm"
                >
                  Smart
                </button>
              </a>
              <a
                class="sc-AxirZ iONWjK"
                href=""
              >
                <button
                  class="sc-AxiKw dMhYsm"
                >
                  Boston
                </button>
              </a>
              <a
                class="sc-AxirZ iONWjK"
                href=""
              >
                <button
                  class="sc-AxiKw dMhYsm"
                >
                  Italian
                </button>
              </a>
            </div>
          </div>
        </a>
        <a
          class="sc-AxgMl fQrWMw"
          href="/comedians?name=undefined"
        >
          <div
            class="sc-AxhCb bPffyD"
          >
            <span
              class="sc-AxjAm bIFvHb"
              type="comedianWindow"
            />
            <h3
              class="sc-AxhUy bEaupT"
            >
              Comedian
            </h3>
            <div>
              <a
                class="sc-AxirZ iONWjK"
                href=""
              >
                <button
                  class="sc-AxiKw dMhYsm"
                >
                  Crude
                </button>
              </a>
              <a
                class="sc-AxirZ iONWjK"
                href=""
              >
                <button
                  class="sc-AxiKw dMhYsm"
                >
                  Smart
                </button>
              </a>
              <a
                class="sc-AxirZ iONWjK"
                href=""
              >
                <button
                  class="sc-AxiKw dMhYsm"
                >
                  Boston
                </button>
              </a>
              <a
                class="sc-AxirZ iONWjK"
                href=""
              >
                <button
                  class="sc-AxiKw dMhYsm"
                >
                  Italian
                </button>
              </a>
            </div>
          </div>
        </a>
        <a
          class="sc-AxgMl fQrWMw"
          href="/comedians?name=undefined"
        >
          <div
            class="sc-AxhCb bPffyD"
          >
            <span
              class="sc-AxjAm bIFvHb"
              type="comedianWindow"
            />
            <h3
              class="sc-AxhUy bEaupT"
            >
              Comedian
            </h3>
            <div>
              <a
                class="sc-AxirZ iONWjK"
                href=""
              >
                <button
                  class="sc-AxiKw dMhYsm"
                >
                  Crude
                </button>
              </a>
              <a
                class="sc-AxirZ iONWjK"
                href=""
              >
                <button
                  class="sc-AxiKw dMhYsm"
                >
                  Smart
                </button>
              </a>
              <a
                class="sc-AxirZ iONWjK"
                href=""
              >
                <button
                  class="sc-AxiKw dMhYsm"
                >
                  Boston
                </button>
              </a>
              <a
                class="sc-AxirZ iONWjK"
                href=""
              >
                <button
                  class="sc-AxiKw dMhYsm"
                >
                  Italian
                </button>
              </a>
            </div>
          </div>
        </a>
        <a
          class="sc-AxgMl fQrWMw"
          href="/comedians?name=undefined"
        >
          <div
            class="sc-AxhCb bPffyD"
          >
            <span
              class="sc-AxjAm bIFvHb"
              type="comedianWindow"
            />
            <h3
              class="sc-AxhUy bEaupT"
            >
              Comedian
            </h3>
            <div>
              <a
                class="sc-AxirZ iONWjK"
                href=""
              >
                <button
                  class="sc-AxiKw dMhYsm"
                >
                  Crude
                </button>
              </a>
              <a
                class="sc-AxirZ iONWjK"
                href=""
              >
                <button
                  class="sc-AxiKw dMhYsm"
                >
                  Smart
                </button>
              </a>
              <a
                class="sc-AxirZ iONWjK"
                href=""
              >
                <button
                  class="sc-AxiKw dMhYsm"
                >
                  Boston
                </button>
              </a>
              <a
                class="sc-AxirZ iONWjK"
                href=""
              >
                <button
                  class="sc-AxiKw dMhYsm"
                >
                  Italian
                </button>
              </a>
            </div>
          </div>
        </a>
        <a
          class="sc-AxgMl fQrWMw"
          href="/comedians?name=undefined"
        >
          <div
            class="sc-AxhCb bPffyD"
          >
            <span
              class="sc-AxjAm bIFvHb"
              type="comedianWindow"
            />
            <h3
              class="sc-AxhUy bEaupT"
            >
              Comedian
            </h3>
            <div>
              <a
                class="sc-AxirZ iONWjK"
                href=""
              >
                <button
                  class="sc-AxiKw dMhYsm"
                >
                  Crude
                </button>
              </a>
              <a
                class="sc-AxirZ iONWjK"
                href=""
              >
                <button
                  class="sc-AxiKw dMhYsm"
                >
                  Smart
                </button>
              </a>
              <a
                class="sc-AxirZ iONWjK"
                href=""
              >
                <button
                  class="sc-AxiKw dMhYsm"
                >
                  Boston
                </button>
              </a>
              <a
                class="sc-AxirZ iONWjK"
                href=""
              >
                <button
                  class="sc-AxiKw dMhYsm"
                >
                  Italian
                </button>
              </a>
            </div>
          </div>
        </a>
      </div>
    </div>
  </body>,
  "container": <div>
    <div
      class="sc-AxheI ieTQbu"
    >
      <a
        class="sc-AxgMl fQrWMw"
        href="/comedians?name=undefined"
      >
        <div
          class="sc-AxhCb bPffyD"
        >
          <span
            class="sc-AxjAm bIFvHb"
            type="comedianWindow"
          />
          <h3
            class="sc-AxhUy bEaupT"
          >
            Comedian
          </h3>
          <div>
            <a
              class="sc-AxirZ iONWjK"
              href=""
            >
              <button
                class="sc-AxiKw dMhYsm"
              >
                Crude
              </button>
            </a>
            <a
              class="sc-AxirZ iONWjK"
              href=""
            >
              <button
                class="sc-AxiKw dMhYsm"
              >
                Smart
              </button>
            </a>
            <a
              class="sc-AxirZ iONWjK"
              href=""
            >
              <button
                class="sc-AxiKw dMhYsm"
              >
                Boston
              </button>
            </a>
            <a
              class="sc-AxirZ iONWjK"
              href=""
            >
              <button
                class="sc-AxiKw dMhYsm"
              >
                Italian
              </button>
            </a>
          </div>
        </div>
      </a>
      <a
        class="sc-AxgMl fQrWMw"
        href="/comedians?name=undefined"
      >
        <div
          class="sc-AxhCb bPffyD"
        >
          <span
            class="sc-AxjAm bIFvHb"
            type="comedianWindow"
          />
          <h3
            class="sc-AxhUy bEaupT"
          >
            Comedian
          </h3>
          <div>
            <a
              class="sc-AxirZ iONWjK"
              href=""
            >
              <button
                class="sc-AxiKw dMhYsm"
              >
                Crude
              </button>
            </a>
            <a
              class="sc-AxirZ iONWjK"
              href=""
            >
              <button
                class="sc-AxiKw dMhYsm"
              >
                Smart
              </button>
            </a>
            <a
              class="sc-AxirZ iONWjK"
              href=""
            >
              <button
                class="sc-AxiKw dMhYsm"
              >
                Boston
              </button>
            </a>
            <a
              class="sc-AxirZ iONWjK"
              href=""
            >
              <button
                class="sc-AxiKw dMhYsm"
              >
                Italian
              </button>
            </a>
          </div>
        </div>
      </a>
      <a
        class="sc-AxgMl fQrWMw"
        href="/comedians?name=undefined"
      >
        <div
          class="sc-AxhCb bPffyD"
        >
          <span
            class="sc-AxjAm bIFvHb"
            type="comedianWindow"
          />
          <h3
            class="sc-AxhUy bEaupT"
          >
            Comedian
          </h3>
          <div>
            <a
              class="sc-AxirZ iONWjK"
              href=""
            >
              <button
                class="sc-AxiKw dMhYsm"
              >
                Crude
              </button>
            </a>
            <a
              class="sc-AxirZ iONWjK"
              href=""
            >
              <button
                class="sc-AxiKw dMhYsm"
              >
                Smart
              </button>
            </a>
            <a
              class="sc-AxirZ iONWjK"
              href=""
            >
              <button
                class="sc-AxiKw dMhYsm"
              >
                Boston
              </button>
            </a>
            <a
              class="sc-AxirZ iONWjK"
              href=""
            >
              <button
                class="sc-AxiKw dMhYsm"
              >
                Italian
              </button>
            </a>
          </div>
        </div>
      </a>
      <a
        class="sc-AxgMl fQrWMw"
        href="/comedians?name=undefined"
      >
        <div
          class="sc-AxhCb bPffyD"
        >
          <span
            class="sc-AxjAm bIFvHb"
            type="comedianWindow"
          />
          <h3
            class="sc-AxhUy bEaupT"
          >
            Comedian
          </h3>
          <div>
            <a
              class="sc-AxirZ iONWjK"
              href=""
            >
              <button
                class="sc-AxiKw dMhYsm"
              >
                Crude
              </button>
            </a>
            <a
              class="sc-AxirZ iONWjK"
              href=""
            >
              <button
                class="sc-AxiKw dMhYsm"
              >
                Smart
              </button>
            </a>
            <a
              class="sc-AxirZ iONWjK"
              href=""
            >
              <button
                class="sc-AxiKw dMhYsm"
              >
                Boston
              </button>
            </a>
            <a
              class="sc-AxirZ iONWjK"
              href=""
            >
              <button
                class="sc-AxiKw dMhYsm"
              >
                Italian
              </button>
            </a>
          </div>
        </div>
      </a>
      <a
        class="sc-AxgMl fQrWMw"
        href="/comedians?name=undefined"
      >
        <div
          class="sc-AxhCb bPffyD"
        >
          <span
            class="sc-AxjAm bIFvHb"
            type="comedianWindow"
          />
          <h3
            class="sc-AxhUy bEaupT"
          >
            Comedian
          </h3>
          <div>
            <a
              class="sc-AxirZ iONWjK"
              href=""
            >
              <button
                class="sc-AxiKw dMhYsm"
              >
                Crude
              </button>
            </a>
            <a
              class="sc-AxirZ iONWjK"
              href=""
            >
              <button
                class="sc-AxiKw dMhYsm"
              >
                Smart
              </button>
            </a>
            <a
              class="sc-AxirZ iONWjK"
              href=""
            >
              <button
                class="sc-AxiKw dMhYsm"
              >
                Boston
              </button>
            </a>
            <a
              class="sc-AxirZ iONWjK"
              href=""
            >
              <button
                class="sc-AxiKw dMhYsm"
              >
                Italian
              </button>
            </a>
          </div>
        </div>
      </a>
    </div>
  </div>,
  "debug": [Function],
  "findAllByAltText": [Function],
  "findAllByDisplayValue": [Function],
  "findAllByLabelText": [Function],
  "findAllByPlaceholderText": [Function],
  "findAllByRole": [Function],
  "findAllByTestId": [Function],
  "findAllByText": [Function],
  "findAllByTitle": [Function],
  "findByAltText": [Function],
  "findByDisplayValue": [Function],
  "findByLabelText": [Function],
  "findByPlaceholderText": [Function],
  "findByRole": [Function],
  "findByTestId": [Function],
  "findByText": [Function],
  "findByTitle": [Function],
  "getAllByAltText": [Function],
  "getAllByDisplayValue": [Function],
  "getAllByLabelText": [Function],
  "getAllByPlaceholderText": [Function],
  "getAllByRole": [Function],
  "getAllByTestId": [Function],
  "getAllByText": [Function],
  "getAllByTitle": [Function],
  "getByAltText": [Function],
  "getByDisplayValue": [Function],
  "getByLabelText": [Function],
  "getByPlaceholderText": [Function],
  "getByRole": [Function],
  "getByTestId": [Function],
  "getByText": [Function],
  "getByTitle": [Function],
  "queryAllByAltText": [Function],
  "queryAllByDisplayValue": [Function],
  "queryAllByLabelText": [Function],
  "queryAllByPlaceholderText": [Function],
  "queryAllByRole": [Function],
  "queryAllByTestId": [Function],
  "queryAllByText": [Function],
  "queryAllByTitle": [Function],
  "queryByAltText": [Function],
  "queryByDisplayValue": [Function],
  "queryByLabelText": [Function],
  "queryByPlaceholderText": [Function],
  "queryByRole": [Function],
  "queryByTestId": [Function],
  "queryByText": [Function],
  "queryByTitle": [Function],
  "rerender": [Function],
  "unmount": [Function],
}
`;
